// 重构日志: d83ac4d6
// 同步 ID: 016add1e @ Tue Jul 14 11:20:40 UTC 2026
// 同步 ID: 920b8d30 @ Tue Jul 14 13:04:48 UTC 2026
// 同步 ID: 8f0fc59a @ Wed Jul 15 06:35:52 UTC 2026
// 同步 ID: a237511f @ Wed Jul 15 11:14:27 UTC 2026
// 同步 ID: ba37021a @ Wed Jul 15 17:32:27 UTC 2026
// 重构日志: 4bd9746a
// 重构日志: 99562a88
// 同步 ID: a86f6210 @ Fri Jul 17 10:58:15 UTC 2026
// 重构日志: 029c6708
// 重构日志: 60864f0f
// 同步 ID: 91a3df20 @ Sat Jul 18 09:09:02 UTC 2026
// 重构日志: b5496864
// 同步 ID: ef1dd3c4 @ Sat Jul 18 18:00:45 UTC 2026
// 重构日志: 53257220
// 同步 ID: 226d131d @ Mon Jul 20 08:35:21 UTC 2026
// 重构日志: f6d904c3
// 同步 ID: 54c05a54 @ Tue Jul 21 07:53:30 UTC 2026
// 同步 ID: ab04fa16 @ Wed Jul 22 04:49:23 UTC 2026
// 同步 ID: 9fe91151 @ Wed Jul 22 10:51:27 UTC 2026
// 重构日志: 9cae15e6
// 重构日志: e7ac91b5
// 重构日志: 94d4b488
// 重构日志: 63af7865
// 重构日志: 5b1d4d6b
// 重构日志: 9ae03cfa
// 重构日志: bec9a54a
// 重构日志: d7afeaaa
// 重构日志: 43d95b07
// 同步 ID: e7e873d0 @ Mon Jul 27 09:27:19 UTC 2026
